// Jest Snapshot v1, https://goo.gl/fbAQLP

exports[`Test <Card /> Should render Card component 1`] = `
"<Fragment>
  <div className=\\"card-container\\">
    <div className=\\"card-img\\">
      <img src=\\"https://images.unsplash.com/photo-1619829950003-8b1b5e1b1f1a?ixid=MnwxMjA3fDB8MHxwaG90by1wYWdlfHx8fGVufDB8fHx8&ixlib=rb-1.2.1&auto=format&fit=crop&w=1050&q=80\\" alt=\\"img\\" />
    </div>
    <div className=\\"card-text\\">
      <div className=\\"card-title_des\\">
        <h1>
          title-title
        </h1>
        <p>
          this is a test
        </p>
      </div>
      <div className=\\"card-info\\">
        <h5>
          Author:
          <span className=\\"info\\" id=\\"author\\">
            Deepak
          </span>
        </h5>
        <h5>
          Date Published:
          <span className=\\"info\\" id=\\"date\\">
            6/1/2021
          </span>
        </h5>
      </div>
      <div className=\\"card-btns\\">
        <Link to=\\"/posts/undefined\\">
          <button className=\\"card-btn\\">
            View
          </button>
        </Link>
        <Link to=\\"/post/update/undefined\\">
          <button className=\\"card-btn\\">
            Edit
          </button>
        </Link>
        <button onClick={[Function (anonymous)]} className=\\"card-btn-del\\" id=\\"del-btn\\">
          Delete
        </button>
      </div>
    </div>
    <Styled(ForwardRef(Dialog)) aria-labelledby=\\"customized-dialog-title\\" open={false}>
      <ForwardRef(DialogContent) color=\\"primary\\" dividers={true}>
        <ForwardRef(Typography) gutterBottom={true}>
          Are you sure you want to delete this post?
        </ForwardRef(Typography)>
      </ForwardRef(DialogContent)>
      <ForwardRef(DialogActions)>
        <ForwardRef(Button) onClick={[Function (anonymous)]}>
          Cancel
        </ForwardRef(Button)>
        <ForwardRef(Button) onClick={[Function (anonymous)]} autoFocus={true}>
          Delete
        </ForwardRef(Button)>
      </ForwardRef(DialogActions)>
    </Styled(ForwardRef(Dialog))>
  </div>
  <ToastContainer position=\\"top-right\\" transition={[Function (anonymous)]} autoClose={5000} closeButton={[Function: E]} pauseOnHover={true} pauseOnFocusLoss={true} closeOnClick={true} draggable={true} draggablePercent={80} draggableDirection=\\"x\\" role=\\"alert\\" theme=\\"light\\" />
</Fragment>"
`;
